[
  {
    "id": 123,
    "nome": "Novo Restaurante",
    "proprietario": "ID do keyclok"
  },
  {
    "id": 456,
    "nome": "Novo Restaurante 2",
    "proprietario": "ID do keyclok 2"
  }
]